// Jest Snapshot v1, https://goo.gl/fbAQLP

exports[`<Flight /> should render successfully 1`] = `
<Flight
  flightItem={
    Object {
      "city": Object {
        "fromCity": "Pune",
        "toCity": "Bangalore",
      },
      "date": "Mon Dec 10 2018 17:51:20 GMT+0530 (IST)",
      "price": 4456,
    }
  }
/>
`;
